
> vps-manager@0.1.0 build
> next build

⚠ You are using a non-standard "NODE_ENV" value in your environment. This creates inconsistencies in the project and is strongly advised against. Read more: https://nextjs.org/docs/messages/non-standard-node-env
▲ Next.js 16.1.6 (Turbopack)
- Environments: .env

  Creating an optimized production build ...
✓ Compiled successfully in 16.2s
  Running TypeScript ...
Failed to compile.

./src/infrastructure/database/repositories/ContainerRepository.ts:5:14
Type error: Class 'PrismaContainerRepository' incorrectly implements interface 'IContainerRepository'.
  Property 'getLogs' is missing in type 'PrismaContainerRepository' but required in type 'IContainerRepository'.

[0m [90m 3 |[39m [36mimport[39m { [33mContainer[39m[33m,[39m [33mContainerCreateInput[39m[33m,[39m [33mContainerUpdateInput[39m } [36mfrom[39m [32m'@/domain/entities/Container'[39m[33m;[39m
 [90m 4 |[39m
[31m[1m>[22m[39m[90m 5 |[39m [36mexport[39m [36mclass[39m [33mPrismaContainerRepository[39m [36mimplements[39m [33mIContainerRepository[39m {
 [90m   |[39m              [31m[1m^[22m[39m
 [90m 6 |[39m   [36mprivate[39m mapToEntity(data[33m:[39m {
 [90m 7 |[39m     id[33m:[39m string[33m;[39m
 [90m 8 |[39m     name[33m:[39m string[33m;[39m[0m
Next.js build worker exited with code: 1 and signal: null
